#-----------------------------------------------------------
# Vivado v2020.2 (64-bit)
# SW Build 3064766 on Wed Nov 18 09:12:45 MST 2020
# IP Build 3064653 on Wed Nov 18 14:17:31 MST 2020
# Start of session at: Fri Dec  1 11:53:48 2023
# Process ID: 18620
# Current directory: C:/Users/villalba/MPLABXProjects/ece212_alex_maurice/lab11
# Command line: vivado.exe -gui_launcher_event rodinguilauncherevent26356 C:\Users\villalba\MPLABXProjects\ece212_alex_maurice\lab11\lab11.xpr
# Log file: C:/Users/villalba/MPLABXProjects/ece212_alex_maurice/lab11/vivado.log
# Journal file: C:/Users/villalba/MPLABXProjects/ece212_alex_maurice/lab11\vivado.jou
#-----------------------------------------------------------
start_gui
open_project C:/Users/villalba/MPLABXProjects/ece212_alex_maurice/lab11/lab11.xpr
update_compile_order -fileset sources_1
synth_design -rtl -rtl_skip_mlo -name rtl_1
file mkdir C:/Users/villalba/MPLABXProjects/ece212_alex_maurice/lab11/lab11.srcs/sources_1/new
close [ open C:/Users/villalba/MPLABXProjects/ece212_alex_maurice/lab11/lab11.srcs/sources_1/new/mux3.sv w ]
add_files C:/Users/villalba/MPLABXProjects/ece212_alex_maurice/lab11/lab11.srcs/sources_1/new/mux3.sv
update_compile_order -fileset sources_1
refresh_design
