#-----------------------------------------------------------
# Vivado v2020.2 (64-bit)
# SW Build 3064766 on Wed Nov 18 09:12:45 MST 2020
# IP Build 3064653 on Wed Nov 18 14:17:31 MST 2020
# Start of session at: Thu Dec 14 12:59:20 2023
# Process ID: 28424
# Current directory: C:/Users/otienom/Documents/ece212_alex_maurice/lab8
# Command line: vivado.exe -gui_launcher_event rodinguilauncherevent20712 C:\Users\otienom\Documents\ece212_alex_maurice\lab8\Mips_32_bit_sing_cycle_processor.xpr
# Log file: C:/Users/otienom/Documents/ece212_alex_maurice/lab8/vivado.log
# Journal file: C:/Users/otienom/Documents/ece212_alex_maurice/lab8\vivado.jou
#-----------------------------------------------------------
start_gui
open_project C:/Users/otienom/Documents/ece212_alex_maurice/lab8/Mips_32_bit_sing_cycle_processor.xpr
update_compile_order -fileset sources_1
launch_simulation
source testbench.tcl
current_wave_config {Untitled 1}
add_wave {{/testbench/DUV/mips/U_C/U_MD/opcode}} 
current_wave_config {Untitled 1}
add_wave {{/testbench/DUV/mips/U_C/U_AD/funct}} 
current_wave_config {Untitled 1}
add_wave {{/testbench/DUV/mips/U_DP/U_PCREG}} 
current_wave_config {Untitled 1}
add_wave {{/testbench/DUV/mips/U_DP/U_PCREG}} 
current_wave_config {Untitled 1}
add_wave {{/testbench/DUV/mips/U_DP/pc}} 
current_wave_config {Untitled 1}
add_wave {{/testbench/DUV/mips/U_DP/instr}} 
current_wave_config {Untitled 1}
add_wave {{/testbench/DUV/mips/U_DP/regwrite}} 
current_wave_config {Untitled 1}
add_wave {{/testbench/DUV/mips/U_DP/result}} 
relaunch_sim
# Disabling source management mode.  This is to allow the top design properties to be set without GUI intervention.
set_property source_mgmt_mode None [current_project]
set_property top maindec [current_fileset]
# Re-enabling previously disabled source management mode.
set_property source_mgmt_mode All [current_project]
update_compile_order -fileset sources_1
synth_design -rtl -rtl_skip_mlo -name rtl_1
# Disabling source management mode.  This is to allow the top design properties to be set without GUI intervention.
set_property source_mgmt_mode None [current_project]
set_property top controller [current_fileset]
# Re-enabling previously disabled source management mode.
set_property source_mgmt_mode All [current_project]
update_compile_order -fileset sources_1
refresh_design
refresh_design
refresh_design
refresh_design
close [ open C:/Users/otienom/Documents/ece212_alex_maurice/lab8/Mips_32_bit_sing_cycle_processor.srcs/sources_1/new/mux3.sv w ]
add_files C:/Users/otienom/Documents/ece212_alex_maurice/lab8/Mips_32_bit_sing_cycle_processor.srcs/sources_1/new/mux3.sv
update_compile_order -fileset sources_1
refresh_design
close [ open C:/Users/otienom/Documents/ece212_alex_maurice/lab8/sv/mux3.sv w ]
add_files C:/Users/otienom/Documents/ece212_alex_maurice/lab8/sv/mux3.sv
update_compile_order -fileset sources_1
add_files -norecurse C:/Users/otienom/Documents/ece212_alex_maurice/lab8/sv/mux3.sv
refresh_design
close [ open C:/Users/otienom/Documents/ece212_alex_maurice/lab8/Mips_32_bit_sing_cycle_processor.srcs/sources_1/new/signextzero.sv w ]
add_files C:/Users/otienom/Documents/ece212_alex_maurice/lab8/Mips_32_bit_sing_cycle_processor.srcs/sources_1/new/signextzero.sv
update_compile_order -fileset sources_1
refresh_design
refresh_design
# Disabling source management mode.  This is to allow the top design properties to be set without GUI intervention.
set_property source_mgmt_mode None [current_project]
set_property top mips [current_fileset]
# Re-enabling previously disabled source management mode.
set_property source_mgmt_mode All [current_project]
update_compile_order -fileset sources_1
refresh_design
refresh_design
refresh_design
update_compile_order -fileset sources_1
update_compile_order -fileset sources_1
refresh_design
save_wave_config {C:/Users/otienom/Documents/ece212_alex_maurice/lab8/testbench_behav.wcfg}
add_files -fileset sim_1 -norecurse C:/Users/otienom/Documents/ece212_alex_maurice/lab8/testbench_behav.wcfg
set_property xsim.view C:/Users/otienom/Documents/ece212_alex_maurice/lab8/testbench_behav.wcfg [get_filesets sim_1]
close_sim
launch_simulation
open_wave_config C:/Users/otienom/Documents/ece212_alex_maurice/lab8/testbench_behav.wcfg
source testbench.tcl
set_property SOURCE_SET sources_1 [get_filesets sim_1]
add_files -fileset sim_1 -norecurse C:/Users/otienom/Documents/ece212_alex_maurice/lab8/sv/test2_annotated_blank.dat
add_files -norecurse C:/Users/otienom/Documents/ece212_alex_maurice/lab8/sv/imem.sv
update_compile_order -fileset sources_1
# Disabling source management mode.  This is to allow the top design properties to be set without GUI intervention.
set_property source_mgmt_mode None [current_project]
set_property top top [current_fileset]
# Re-enabling previously disabled source management mode.
set_property source_mgmt_mode All [current_project]
update_compile_order -fileset sources_1
refresh_design
add_files -norecurse C:/Users/otienom/Documents/ece212_alex_maurice/lab8/sv/test2_annotated_blank.dat
refresh_design
relaunch_sim
current_wave_config {testbench_behav.wcfg}
add_wave {{/testbench/DUV/mips/U_DP/zero}} 
current_wave_config {testbench_behav.wcfg}
add_wave {{/testbench/DUV/mips/U_DP/srcb}} 
current_wave_config {testbench_behav.wcfg}
add_wave {{/testbench/DUV/mips/U_DP/signimmzero}} 
current_wave_config {testbench_behav.wcfg}
add_wave {{/testbench/DUV/mips/U_DP/pcsrc}} 
relaunch_sim
relaunch_sim
relaunch_sim
current_wave_config {testbench_behav.wcfg}
add_wave {{/testbench/DUV/mips/U_C/U_MD/branchne}} 
current_wave_config {testbench_behav.wcfg}
add_wave {{/testbench/DUV/mips/U_C/U_MD/branch}} 
relaunch_sim
current_wave_config {testbench_behav.wcfg}
add_wave {{/testbench/DUV/mips/U_DP/rd}} 
relaunch_sim
current_wave_config {testbench_behav.wcfg}
add_wave {{/testbench/DUV/mips/U_DP/immed}} 
current_wave_config {testbench_behav.wcfg}
add_wave {{/testbench/DUV/mips/U_DP/aluout}} 
current_wave_config {testbench_behav.wcfg}
add_wave {{/testbench/DUV/mips/U_DP/srca}} 
relaunch_sim
current_wave_config {testbench_behav.wcfg}
add_wave {{/testbench/DUV/mips/U_C/branchnenotzero}} 
current_wave_config {testbench_behav.wcfg}
add_wave {{/testbench/DUV/mips/U_C/branchzero}} 
relaunch_sim
current_wave_config {testbench_behav.wcfg}
add_wave {{/testbench/DUV/mips/U_DP/U_ALU/y}} 
relaunch_sim
set_property is_enabled false [get_files  C:/Users/otienom/Documents/mips_L_single/sv/memfile.dat]
relaunch_sim
current_wave_config {testbench_behav.wcfg}
add_wave {{/testbench/DUV/mips/U_DP/alusrc}} 
relaunch_sim
relaunch_sim
refresh_design
refresh_design
relaunch_sim
current_wave_config {testbench_behav.wcfg}
add_wave {{/testbench/DUV/mips/U_DP/jump}} 
relaunch_sim
relaunch_sim
relaunch_sim
relaunch_sim
save_wave_config {C:/Users/otienom/Documents/ece212_alex_maurice/lab8/testbench_behav.wcfg}
close_sim
refresh_design
launch_simulation
open_wave_config C:/Users/otienom/Documents/ece212_alex_maurice/lab8/testbench_behav.wcfg
source testbench.tcl
current_wave_config {testbench_behav.wcfg}
add_wave {{/testbench/DUV/mips/writedata}} 
current_wave_config {testbench_behav.wcfg}
add_wave {{/testbench/DUV/mips/U_DP/U_RF}} 
relaunch_sim
current_wave_config {testbench_behav.wcfg}
add_wave {{/testbench/DUV/mips/U_DP/aluout}} 
relaunch_sim
